/primary_microphone/si_dt/c31/c31c020l
/primary_microphone/si_dt/c31/c31c020m
/primary_microphone/si_dt/c31/c31c020n
/primary_microphone/si_dt/c31/c31c020o
/primary_microphone/si_dt/c31/c31c020p
/primary_microphone/si_dt/c31/c31c020q
/primary_microphone/si_dt/c31/c31c020r
/primary_microphone/si_dt/c31/c31c020s
/primary_microphone/si_dt/c31/c31c020t
/primary_microphone/si_dt/c31/c31c020u
/primary_microphone/si_dt/c31/c31c020v
/primary_microphone/si_dt/c31/c31c020w
/primary_microphone/si_dt/c31/c31c020x
/primary_microphone/si_dt/c31/c31c020y
/primary_microphone/si_dt/c31/c31c020z
/primary_microphone/si_dt/c31/c31c0210
/primary_microphone/si_dt/c31/c31c0211
/primary_microphone/si_dt/c34/c34c020l
/primary_microphone/si_dt/c34/c34c020m
/primary_microphone/si_dt/c34/c34c020n
/primary_microphone/si_dt/c34/c34c020o
/primary_microphone/si_dt/c34/c34c020p
/primary_microphone/si_dt/c34/c34c020q
/primary_microphone/si_dt/c34/c34c020r
/primary_microphone/si_dt/c34/c34c020s
/primary_microphone/si_dt/c34/c34c020t
/primary_microphone/si_dt/c34/c34c020u
/primary_microphone/si_dt/c34/c34c020v
/primary_microphone/si_dt/c34/c34c020w
/primary_microphone/si_dt/c34/c34c020x
/primary_microphone/si_dt/c34/c34c020y
/primary_microphone/si_dt/c34/c34c020z
/primary_microphone/si_dt/c34/c34c0210
/primary_microphone/si_dt/c34/c34c0211
/primary_microphone/si_dt/c34/c34c0212
/primary_microphone/si_dt/c35/c35c020k
/primary_microphone/si_dt/c35/c35c020l
/primary_microphone/si_dt/c35/c35c020m
/primary_microphone/si_dt/c35/c35c020n
/primary_microphone/si_dt/c35/c35c020o
/primary_microphone/si_dt/c35/c35c020p
/primary_microphone/si_dt/c35/c35c020q
/primary_microphone/si_dt/c35/c35c020r
/primary_microphone/si_dt/c35/c35c020s
/primary_microphone/si_dt/c35/c35c020t
/primary_microphone/si_dt/c35/c35c020u
/primary_microphone/si_dt/c35/c35c020v
/primary_microphone/si_dt/c35/c35c020w
/primary_microphone/si_dt/c35/c35c020x
/primary_microphone/si_dt/c35/c35c020y
/primary_microphone/si_dt/c35/c35c020z
/primary_microphone/si_dt/c35/c35c0210
/primary_microphone/si_dt/c35/c35c0211
/primary_microphone/si_dt/c35/c35c0212
/primary_microphone/si_dt/c35/c35c0213
/primary_microphone/si_dt/c38/c38c020k
/primary_microphone/si_dt/c38/c38c020l
/primary_microphone/si_dt/c38/c38c020m
/primary_microphone/si_dt/c38/c38c020n
/primary_microphone/si_dt/c38/c38c020o
/primary_microphone/si_dt/c38/c38c020r
/primary_microphone/si_dt/c38/c38c020s
/primary_microphone/si_dt/c38/c38c020t
/primary_microphone/si_dt/c38/c38c020u
/primary_microphone/si_dt/c38/c38c020v
/primary_microphone/si_dt/c38/c38c020w
/primary_microphone/si_dt/c38/c38c020x
/primary_microphone/si_dt/c38/c38c020y
/primary_microphone/si_dt/c38/c38c020z
/primary_microphone/si_dt/c38/c38c0210
/primary_microphone/si_dt/c38/c38c0211
/primary_microphone/si_dt/c38/c38c0212
/primary_microphone/si_dt/c38/c38c0213
/primary_microphone/si_dt/c3c/c3cc020k
/primary_microphone/si_dt/c3c/c3cc020l
/primary_microphone/si_dt/c3c/c3cc020m
/primary_microphone/si_dt/c3c/c3cc020n
/primary_microphone/si_dt/c3c/c3cc020o
/primary_microphone/si_dt/c3c/c3cc020p
/primary_microphone/si_dt/c3c/c3cc020q
/primary_microphone/si_dt/c3c/c3cc020s
/primary_microphone/si_dt/c3c/c3cc020t
/primary_microphone/si_dt/c3c/c3cc020u
/primary_microphone/si_dt/c3c/c3cc020v
/primary_microphone/si_dt/c3c/c3cc020w
/primary_microphone/si_dt/c3c/c3cc020x
/primary_microphone/si_dt/c3c/c3cc020y
/primary_microphone/si_dt/c3c/c3cc020z
/primary_microphone/si_dt/c3c/c3cc0210
/primary_microphone/si_dt/c3c/c3cc0211
/primary_microphone/si_dt/c3c/c3cc0212
/primary_microphone/si_dt/c3c/c3cc0213
/primary_microphone/si_dt/c3c/c3cc0214
/primary_microphone/si_dt/c3d/c3dc020l
/primary_microphone/si_dt/c3d/c3dc020m
/primary_microphone/si_dt/c3d/c3dc020n
/primary_microphone/si_dt/c3d/c3dc020o
/primary_microphone/si_dt/c3d/c3dc020p
/primary_microphone/si_dt/c3d/c3dc020q
/primary_microphone/si_dt/c3d/c3dc020r
/primary_microphone/si_dt/c3d/c3dc020s
/primary_microphone/si_dt/c3d/c3dc020t
/primary_microphone/si_dt/c3d/c3dc020u
/primary_microphone/si_dt/c3d/c3dc020v
/primary_microphone/si_dt/c3d/c3dc020w
/primary_microphone/si_dt/c3d/c3dc020x
/primary_microphone/si_dt/c3d/c3dc020y
/primary_microphone/si_dt/c3d/c3dc020z
/primary_microphone/si_dt/c3d/c3dc0210
/primary_microphone/si_dt/c3d/c3dc0211
/primary_microphone/si_dt/c3d/c3dc0212
/primary_microphone/si_dt/c3d/c3dc0213
/primary_microphone/si_dt/c3d/c3dc0214
/primary_microphone/si_dt/c3f/c3fc020i
/primary_microphone/si_dt/c3f/c3fc020j
/primary_microphone/si_dt/c3f/c3fc020l
/primary_microphone/si_dt/c3f/c3fc020n
/primary_microphone/si_dt/c3f/c3fc020o
/primary_microphone/si_dt/c3f/c3fc020p
/primary_microphone/si_dt/c3f/c3fc020q
/primary_microphone/si_dt/c3f/c3fc020r
/primary_microphone/si_dt/c3f/c3fc020s
/primary_microphone/si_dt/c3f/c3fc020t
/primary_microphone/si_dt/c3f/c3fc020u
/primary_microphone/si_dt/c3f/c3fc020v
/primary_microphone/si_dt/c3f/c3fc020w
/primary_microphone/si_dt/c3f/c3fc020y
/primary_microphone/si_dt/c3f/c3fc0210
/primary_microphone/si_dt/c3f/c3fc0211
/primary_microphone/si_dt/c3f/c3fc0213
/primary_microphone/si_dt/c3j/c3jc020k
/primary_microphone/si_dt/c3j/c3jc020m
/primary_microphone/si_dt/c3j/c3jc020n
/primary_microphone/si_dt/c3j/c3jc020o
/primary_microphone/si_dt/c3j/c3jc020p
/primary_microphone/si_dt/c3j/c3jc020q
/primary_microphone/si_dt/c3j/c3jc020r
/primary_microphone/si_dt/c3j/c3jc020s
/primary_microphone/si_dt/c3j/c3jc020t
/primary_microphone/si_dt/c3j/c3jc020u
/primary_microphone/si_dt/c3j/c3jc020v
/primary_microphone/si_dt/c3j/c3jc020w
/primary_microphone/si_dt/c3j/c3jc020x
/primary_microphone/si_dt/c3j/c3jc020y
/primary_microphone/si_dt/c3j/c3jc020z
/primary_microphone/si_dt/c3j/c3jc0210
/primary_microphone/si_dt/c3j/c3jc0211
/primary_microphone/si_dt/c3j/c3jc0212
/primary_microphone/si_dt/c3j/c3jc0213
/primary_microphone/si_dt/c3k/c3kc020k
/primary_microphone/si_dt/c3k/c3kc020m
/primary_microphone/si_dt/c3k/c3kc020n
/primary_microphone/si_dt/c3k/c3kc020p
/primary_microphone/si_dt/c3k/c3kc020s
/primary_microphone/si_dt/c3k/c3kc020t
/primary_microphone/si_dt/c3k/c3kc020v
/primary_microphone/si_dt/c3k/c3kc020w
/primary_microphone/si_dt/c3k/c3kc020x
/primary_microphone/si_dt/c3k/c3kc020y
/primary_microphone/si_dt/c3k/c3kc020z
/primary_microphone/si_dt/c3k/c3kc0211
/primary_microphone/si_dt/c3k/c3kc0212
/primary_microphone/si_dt/c3k/c3kc0213
/primary_microphone/si_dt/c3k/c3kc0214
/primary_microphone/si_dt/c3k/c3kc0215
/primary_microphone/si_dt/c3l/c3lc020k
/primary_microphone/si_dt/c3l/c3lc020l
/primary_microphone/si_dt/c3l/c3lc020m
/primary_microphone/si_dt/c3l/c3lc020n
/primary_microphone/si_dt/c3l/c3lc020o
/primary_microphone/si_dt/c3l/c3lc020p
/primary_microphone/si_dt/c3l/c3lc020q
/primary_microphone/si_dt/c3l/c3lc020r
/primary_microphone/si_dt/c3l/c3lc020s
/primary_microphone/si_dt/c3l/c3lc020t
/primary_microphone/si_dt/c3l/c3lc020u
/primary_microphone/si_dt/c3l/c3lc020w
/primary_microphone/si_dt/c3l/c3lc020x
/primary_microphone/si_dt/c3l/c3lc020y
/primary_microphone/si_dt/c3l/c3lc020z
/primary_microphone/si_dt/c3l/c3lc0210
/primary_microphone/si_dt/c3l/c3lc0211
/primary_microphone/si_dt/c3l/c3lc0212
/primary_microphone/si_dt/c3p/c3pc020k
/primary_microphone/si_dt/c3p/c3pc020l
/primary_microphone/si_dt/c3p/c3pc020m
/primary_microphone/si_dt/c3p/c3pc020n
/primary_microphone/si_dt/c3p/c3pc020o
/primary_microphone/si_dt/c3p/c3pc020p
/primary_microphone/si_dt/c3p/c3pc020q
/primary_microphone/si_dt/c3p/c3pc020r
/primary_microphone/si_dt/c3p/c3pc020s
/primary_microphone/si_dt/c3p/c3pc020t
/primary_microphone/si_dt/c3p/c3pc020u
/primary_microphone/si_dt/c3p/c3pc020v
/primary_microphone/si_dt/c3p/c3pc020w
/primary_microphone/si_dt/c3p/c3pc020x
/primary_microphone/si_dt/c3p/c3pc020y
/primary_microphone/si_dt/c3p/c3pc020z
/primary_microphone/si_dt/c3p/c3pc0210
/primary_microphone/si_dt/c3p/c3pc0211
/primary_microphone/si_dt/c3p/c3pc0212
/primary_microphone/si_dt/c3s/c3sc020k
/primary_microphone/si_dt/c3s/c3sc020l
/primary_microphone/si_dt/c3s/c3sc020m
/primary_microphone/si_dt/c3s/c3sc020n
/primary_microphone/si_dt/c3s/c3sc020o
/primary_microphone/si_dt/c3s/c3sc020p
/primary_microphone/si_dt/c3s/c3sc020q
/primary_microphone/si_dt/c3s/c3sc020r
/primary_microphone/si_dt/c3s/c3sc020s
/primary_microphone/si_dt/c3s/c3sc020t
/primary_microphone/si_dt/c3s/c3sc020u
/primary_microphone/si_dt/c3s/c3sc020v
/primary_microphone/si_dt/c3s/c3sc020w
/primary_microphone/si_dt/c3s/c3sc020x
/primary_microphone/si_dt/c3s/c3sc020y
/primary_microphone/si_dt/c3s/c3sc020z
/primary_microphone/si_dt/c3s/c3sc0210
/primary_microphone/si_dt/c3s/c3sc0211
/primary_microphone/si_dt/c3t/c3tc020k
/primary_microphone/si_dt/c3t/c3tc020l
/primary_microphone/si_dt/c3t/c3tc020m
/primary_microphone/si_dt/c3t/c3tc020n
/primary_microphone/si_dt/c3t/c3tc020o
/primary_microphone/si_dt/c3t/c3tc020p
/primary_microphone/si_dt/c3t/c3tc020q
/primary_microphone/si_dt/c3t/c3tc020r
/primary_microphone/si_dt/c3t/c3tc020s
/primary_microphone/si_dt/c3t/c3tc020t
/primary_microphone/si_dt/c3t/c3tc020u
/primary_microphone/si_dt/c3t/c3tc020v
/primary_microphone/si_dt/c3t/c3tc020w
/primary_microphone/si_dt/c3t/c3tc020x
/primary_microphone/si_dt/c3t/c3tc020y
/primary_microphone/si_dt/c3t/c3tc020z
/primary_microphone/si_dt/c3t/c3tc0210
/primary_microphone/si_dt/c3t/c3tc0211
/primary_microphone/si_dt/c3t/c3tc0212
/primary_microphone/si_dt/c3t/c3tc0213
/primary_microphone/si_dt/c3w/c3wc020i
/primary_microphone/si_dt/c3w/c3wc020j
/primary_microphone/si_dt/c3w/c3wc020l
/primary_microphone/si_dt/c3w/c3wc020n
/primary_microphone/si_dt/c3w/c3wc020o
/primary_microphone/si_dt/c3w/c3wc020p
/primary_microphone/si_dt/c3w/c3wc020q
/primary_microphone/si_dt/c3w/c3wc020r
/primary_microphone/si_dt/c3w/c3wc020s
/primary_microphone/si_dt/c3w/c3wc020t
/primary_microphone/si_dt/c3w/c3wc020u
/primary_microphone/si_dt/c3w/c3wc020v
/primary_microphone/si_dt/c3w/c3wc020w
/primary_microphone/si_dt/c3w/c3wc020x
/primary_microphone/si_dt/c3w/c3wc020y
/primary_microphone/si_dt/c3w/c3wc020z
/primary_microphone/si_dt/c3w/c3wc0210
/primary_microphone/si_dt/c3w/c3wc0211
/primary_microphone/si_dt/c3z/c3zc020l
/primary_microphone/si_dt/c3z/c3zc020m
/primary_microphone/si_dt/c3z/c3zc020n
/primary_microphone/si_dt/c3z/c3zc020o
/primary_microphone/si_dt/c3z/c3zc020p
/primary_microphone/si_dt/c3z/c3zc020q
/primary_microphone/si_dt/c3z/c3zc020r
/primary_microphone/si_dt/c3z/c3zc020s
/primary_microphone/si_dt/c3z/c3zc020t
/primary_microphone/si_dt/c3z/c3zc020u
/primary_microphone/si_dt/c3z/c3zc020v
/primary_microphone/si_dt/c3z/c3zc020w
/primary_microphone/si_dt/c3z/c3zc020x
/primary_microphone/si_dt/c3z/c3zc020y
/primary_microphone/si_dt/c3z/c3zc020z
/primary_microphone/si_dt/c3z/c3zc0210
/primary_microphone/si_dt/c3z/c3zc0211
/primary_microphone/si_dt/c3z/c3zc0212
/primary_microphone/si_dt/c3z/c3zc0213
/primary_microphone/si_dt/c40/c40c020k
/primary_microphone/si_dt/c40/c40c020l
/primary_microphone/si_dt/c40/c40c020m
/primary_microphone/si_dt/c40/c40c020n
/primary_microphone/si_dt/c40/c40c020o
/primary_microphone/si_dt/c40/c40c020p
/primary_microphone/si_dt/c40/c40c020q
/primary_microphone/si_dt/c40/c40c020r
/primary_microphone/si_dt/c40/c40c020s
/primary_microphone/si_dt/c40/c40c020t
/primary_microphone/si_dt/c40/c40c020u
/primary_microphone/si_dt/c40/c40c020v
/primary_microphone/si_dt/c40/c40c020w
/primary_microphone/si_dt/c40/c40c020x
/primary_microphone/si_dt/c40/c40c020y
/primary_microphone/si_dt/c40/c40c020z
/primary_microphone/si_dt/c40/c40c0210
/primary_microphone/si_dt/c40/c40c0211
/primary_microphone/si_dt/c40/c40c0212
/primary_microphone/si_dt/c40/c40c0213
/primary_microphone/si_dt/c41/c41c020k
/primary_microphone/si_dt/c41/c41c020l
/primary_microphone/si_dt/c41/c41c020m
/primary_microphone/si_dt/c41/c41c020n
/primary_microphone/si_dt/c41/c41c020o
/primary_microphone/si_dt/c41/c41c020p
/primary_microphone/si_dt/c41/c41c020q
/primary_microphone/si_dt/c41/c41c020r
/primary_microphone/si_dt/c41/c41c020s
/primary_microphone/si_dt/c41/c41c020t
/primary_microphone/si_dt/c41/c41c020u
/primary_microphone/si_dt/c41/c41c020v
/primary_microphone/si_dt/c41/c41c020w
/primary_microphone/si_dt/c41/c41c020x
/primary_microphone/si_dt/c41/c41c020y
/primary_microphone/si_dt/c41/c41c020z
/primary_microphone/si_dt/c41/c41c0210
/primary_microphone/si_dt/c41/c41c0211
/primary_microphone/si_dt/c41/c41c0212
/primary_microphone/si_dt/c41/c41c0213
/primary_microphone/si_dt/c42/c42c020k
/primary_microphone/si_dt/c42/c42c020l
/primary_microphone/si_dt/c42/c42c020m
/primary_microphone/si_dt/c42/c42c020n
/primary_microphone/si_dt/c42/c42c020o
/primary_microphone/si_dt/c42/c42c020p
/primary_microphone/si_dt/c42/c42c020q
/primary_microphone/si_dt/c42/c42c020r
/primary_microphone/si_dt/c42/c42c020s
/primary_microphone/si_dt/c42/c42c020t
/primary_microphone/si_dt/c42/c42c020u
/primary_microphone/si_dt/c42/c42c020v
/primary_microphone/si_dt/c42/c42c020w
/primary_microphone/si_dt/c42/c42c020x
/primary_microphone/si_dt/c42/c42c020z
/primary_microphone/si_dt/c42/c42c0210
/primary_microphone/si_dt/c42/c42c0211
/primary_microphone/si_dt/c42/c42c0212
/primary_microphone/si_dt/c42/c42c0213
/primary_microphone/si_dt/c45/c45c020k
/primary_microphone/si_dt/c45/c45c020l
/primary_microphone/si_dt/c45/c45c020m
/primary_microphone/si_dt/c45/c45c020n
/primary_microphone/si_dt/c45/c45c020o
/primary_microphone/si_dt/c45/c45c020p
/primary_microphone/si_dt/c45/c45c020q
/primary_microphone/si_dt/c45/c45c020r
/primary_microphone/si_dt/c45/c45c020s
/primary_microphone/si_dt/c45/c45c020t
/primary_microphone/si_dt/c45/c45c020u
/primary_microphone/si_dt/c45/c45c020v
/primary_microphone/si_dt/c45/c45c020w
/primary_microphone/si_dt/c45/c45c020x
/primary_microphone/si_dt/c45/c45c020y
/primary_microphone/si_dt/c45/c45c020z
/primary_microphone/si_dt/c45/c45c0210
/primary_microphone/si_dt/c45/c45c0211
/primary_microphone/si_dt/c45/c45c0212
/primary_microphone/si_dt/c45/c45c0213
/primary_microphone/si_dt/c49/c49c020j
/primary_microphone/si_dt/c49/c49c020k
/primary_microphone/si_dt/c49/c49c020l
/primary_microphone/si_dt/c49/c49c020m
/primary_microphone/si_dt/c49/c49c020n
/primary_microphone/si_dt/c49/c49c020o
/primary_microphone/si_dt/c49/c49c020p
/primary_microphone/si_dt/c49/c49c020q
/primary_microphone/si_dt/c49/c49c020r
/primary_microphone/si_dt/c49/c49c020s
/primary_microphone/si_dt/c49/c49c020t
/primary_microphone/si_dt/c49/c49c020u
/primary_microphone/si_dt/c49/c49c020v
/primary_microphone/si_dt/c49/c49c020x
/primary_microphone/si_dt/c49/c49c020y
/primary_microphone/si_dt/c49/c49c020z
/primary_microphone/si_dt/c49/c49c0210
/primary_microphone/si_dt/c49/c49c0211
