/primary_microphone/si_et_1/c30/c30c0201
/primary_microphone/si_et_1/c30/c30c0202
/primary_microphone/si_et_1/c30/c30c0203
/primary_microphone/si_et_1/c30/c30c0204
/primary_microphone/si_et_1/c30/c30c0205
/primary_microphone/si_et_1/c30/c30c0206
/primary_microphone/si_et_1/c30/c30c0207
/primary_microphone/si_et_1/c30/c30c0208
/primary_microphone/si_et_1/c30/c30c0209
/primary_microphone/si_et_1/c30/c30c020a
/primary_microphone/si_et_1/c30/c30c020b
/primary_microphone/si_et_1/c30/c30c020c
/primary_microphone/si_et_1/c30/c30c020d
/primary_microphone/si_et_1/c30/c30c020e
/primary_microphone/si_et_1/c30/c30c020f
/primary_microphone/si_et_1/c30/c30c020g
/primary_microphone/si_et_1/c30/c30c020h
/primary_microphone/si_et_1/c30/c30c020i
/primary_microphone/si_et_1/c30/c30c020j
/primary_microphone/si_et_1/c30/c30c020k
/primary_microphone/si_et_1/c30/c30c020l
/primary_microphone/si_et_1/c30/c30c020m
/primary_microphone/si_et_1/c30/c30c020n
/primary_microphone/si_et_1/c30/c30c020o
/primary_microphone/si_et_1/c30/c30c020p
/primary_microphone/si_et_1/c30/c30c020q
/primary_microphone/si_et_1/c30/c30c020r
/primary_microphone/si_et_1/c30/c30c020s
/primary_microphone/si_et_1/c30/c30c020t
/primary_microphone/si_et_1/c30/c30c020u
/primary_microphone/si_et_1/c30/c30c020v
/primary_microphone/si_et_1/c30/c30c020w
/primary_microphone/si_et_1/c30/c30c020x
/primary_microphone/si_et_1/c30/c30c020y
/primary_microphone/si_et_1/c30/c30c020z
/primary_microphone/si_et_1/c30/c30c0210
/primary_microphone/si_et_1/c30/c30c0211
/primary_microphone/si_et_1/c30/c30c0212
/primary_microphone/si_et_1/c30/c30c0213
/primary_microphone/si_et_1/c30/c30c0214
/primary_microphone/si_et_1/c30/c30c0215
/primary_microphone/si_et_1/c32/c32c0201
/primary_microphone/si_et_1/c32/c32c0202
/primary_microphone/si_et_1/c32/c32c0203
/primary_microphone/si_et_1/c32/c32c0204
/primary_microphone/si_et_1/c32/c32c0205
/primary_microphone/si_et_1/c32/c32c0206
/primary_microphone/si_et_1/c32/c32c0207
/primary_microphone/si_et_1/c32/c32c0208
/primary_microphone/si_et_1/c32/c32c0209
/primary_microphone/si_et_1/c32/c32c020a
/primary_microphone/si_et_1/c32/c32c020b
/primary_microphone/si_et_1/c32/c32c020c
/primary_microphone/si_et_1/c32/c32c020d
/primary_microphone/si_et_1/c32/c32c020e
/primary_microphone/si_et_1/c32/c32c020f
/primary_microphone/si_et_1/c32/c32c020g
/primary_microphone/si_et_1/c32/c32c020h
/primary_microphone/si_et_1/c32/c32c020i
/primary_microphone/si_et_1/c32/c32c020j
/primary_microphone/si_et_1/c32/c32c020k
/primary_microphone/si_et_1/c32/c32c020l
/primary_microphone/si_et_1/c32/c32c020m
/primary_microphone/si_et_1/c32/c32c020n
/primary_microphone/si_et_1/c32/c32c020o
/primary_microphone/si_et_1/c32/c32c020p
/primary_microphone/si_et_1/c32/c32c020q
/primary_microphone/si_et_1/c32/c32c020r
/primary_microphone/si_et_1/c32/c32c020s
/primary_microphone/si_et_1/c32/c32c020t
/primary_microphone/si_et_1/c32/c32c020u
/primary_microphone/si_et_1/c32/c32c020v
/primary_microphone/si_et_1/c32/c32c020w
/primary_microphone/si_et_1/c32/c32c020x
/primary_microphone/si_et_1/c32/c32c020y
/primary_microphone/si_et_1/c32/c32c020z
/primary_microphone/si_et_1/c32/c32c0210
/primary_microphone/si_et_1/c32/c32c0211
/primary_microphone/si_et_1/c32/c32c0212
/primary_microphone/si_et_1/c32/c32c0213
/primary_microphone/si_et_1/c32/c32c0214
/primary_microphone/si_et_1/c32/c32c0215
/primary_microphone/si_et_1/c33/c33c0201
/primary_microphone/si_et_1/c33/c33c0202
/primary_microphone/si_et_1/c33/c33c0203
/primary_microphone/si_et_1/c33/c33c0204
/primary_microphone/si_et_1/c33/c33c0205
/primary_microphone/si_et_1/c33/c33c0206
/primary_microphone/si_et_1/c33/c33c0207
/primary_microphone/si_et_1/c33/c33c0208
/primary_microphone/si_et_1/c33/c33c0209
/primary_microphone/si_et_1/c33/c33c020a
/primary_microphone/si_et_1/c33/c33c020b
/primary_microphone/si_et_1/c33/c33c020c
/primary_microphone/si_et_1/c33/c33c020d
/primary_microphone/si_et_1/c33/c33c020e
/primary_microphone/si_et_1/c33/c33c020f
/primary_microphone/si_et_1/c33/c33c020g
/primary_microphone/si_et_1/c33/c33c020h
/primary_microphone/si_et_1/c33/c33c020i
/primary_microphone/si_et_1/c33/c33c020j
/primary_microphone/si_et_1/c33/c33c020k
/primary_microphone/si_et_1/c33/c33c020l
/primary_microphone/si_et_1/c33/c33c020m
/primary_microphone/si_et_1/c33/c33c020n
/primary_microphone/si_et_1/c33/c33c020o
/primary_microphone/si_et_1/c33/c33c020p
/primary_microphone/si_et_1/c33/c33c020q
/primary_microphone/si_et_1/c33/c33c020r
/primary_microphone/si_et_1/c33/c33c020s
/primary_microphone/si_et_1/c33/c33c020t
/primary_microphone/si_et_1/c33/c33c020u
/primary_microphone/si_et_1/c33/c33c020v
/primary_microphone/si_et_1/c33/c33c020w
/primary_microphone/si_et_1/c33/c33c020x
/primary_microphone/si_et_1/c33/c33c020y
/primary_microphone/si_et_1/c33/c33c020z
/primary_microphone/si_et_1/c33/c33c0210
/primary_microphone/si_et_1/c33/c33c0211
/primary_microphone/si_et_1/c33/c33c0212
/primary_microphone/si_et_1/c33/c33c0213
/primary_microphone/si_et_1/c37/c37c0201
/primary_microphone/si_et_1/c37/c37c0202
/primary_microphone/si_et_1/c37/c37c0203
/primary_microphone/si_et_1/c37/c37c0204
/primary_microphone/si_et_1/c37/c37c0205
/primary_microphone/si_et_1/c37/c37c0206
/primary_microphone/si_et_1/c37/c37c0207
/primary_microphone/si_et_1/c37/c37c0208
/primary_microphone/si_et_1/c37/c37c0209
/primary_microphone/si_et_1/c37/c37c020a
/primary_microphone/si_et_1/c37/c37c020b
/primary_microphone/si_et_1/c37/c37c020c
/primary_microphone/si_et_1/c37/c37c020d
/primary_microphone/si_et_1/c37/c37c020e
/primary_microphone/si_et_1/c37/c37c020f
/primary_microphone/si_et_1/c37/c37c020g
/primary_microphone/si_et_1/c37/c37c020h
/primary_microphone/si_et_1/c37/c37c020i
/primary_microphone/si_et_1/c37/c37c020j
/primary_microphone/si_et_1/c37/c37c020k
/primary_microphone/si_et_1/c37/c37c020l
/primary_microphone/si_et_1/c37/c37c020m
/primary_microphone/si_et_1/c37/c37c020n
/primary_microphone/si_et_1/c37/c37c020o
/primary_microphone/si_et_1/c37/c37c020p
/primary_microphone/si_et_1/c37/c37c020q
/primary_microphone/si_et_1/c37/c37c020r
/primary_microphone/si_et_1/c37/c37c020s
/primary_microphone/si_et_1/c37/c37c020t
/primary_microphone/si_et_1/c37/c37c020u
/primary_microphone/si_et_1/c37/c37c020v
/primary_microphone/si_et_1/c37/c37c020w
/primary_microphone/si_et_1/c37/c37c020x
/primary_microphone/si_et_1/c37/c37c020y
/primary_microphone/si_et_1/c37/c37c020z
/primary_microphone/si_et_1/c37/c37c0210
/primary_microphone/si_et_1/c37/c37c0211
/primary_microphone/si_et_1/c37/c37c0212
/primary_microphone/si_et_1/c37/c37c0213
/primary_microphone/si_et_1/c39/c39c0201
/primary_microphone/si_et_1/c39/c39c0202
/primary_microphone/si_et_1/c39/c39c0203
/primary_microphone/si_et_1/c39/c39c0204
/primary_microphone/si_et_1/c39/c39c0205
/primary_microphone/si_et_1/c39/c39c0206
/primary_microphone/si_et_1/c39/c39c0207
/primary_microphone/si_et_1/c39/c39c0208
/primary_microphone/si_et_1/c39/c39c0209
/primary_microphone/si_et_1/c39/c39c020a
/primary_microphone/si_et_1/c39/c39c020b
/primary_microphone/si_et_1/c39/c39c020c
/primary_microphone/si_et_1/c39/c39c020d
/primary_microphone/si_et_1/c39/c39c020e
/primary_microphone/si_et_1/c39/c39c020f
/primary_microphone/si_et_1/c39/c39c020g
/primary_microphone/si_et_1/c39/c39c020h
/primary_microphone/si_et_1/c39/c39c020i
/primary_microphone/si_et_1/c39/c39c020j
/primary_microphone/si_et_1/c39/c39c020k
/primary_microphone/si_et_1/c39/c39c020l
/primary_microphone/si_et_1/c39/c39c020m
/primary_microphone/si_et_1/c39/c39c020n
/primary_microphone/si_et_1/c39/c39c020o
/primary_microphone/si_et_1/c39/c39c020p
/primary_microphone/si_et_1/c39/c39c020q
/primary_microphone/si_et_1/c39/c39c020r
/primary_microphone/si_et_1/c39/c39c020s
/primary_microphone/si_et_1/c39/c39c020t
/primary_microphone/si_et_1/c39/c39c020u
/primary_microphone/si_et_1/c39/c39c020v
/primary_microphone/si_et_1/c39/c39c020w
/primary_microphone/si_et_1/c39/c39c020x
/primary_microphone/si_et_1/c39/c39c020y
/primary_microphone/si_et_1/c39/c39c020z
/primary_microphone/si_et_1/c39/c39c0210
/primary_microphone/si_et_1/c39/c39c0211
/primary_microphone/si_et_1/c39/c39c0212
/primary_microphone/si_et_1/c3b/c3bc0201
/primary_microphone/si_et_1/c3b/c3bc0202
/primary_microphone/si_et_1/c3b/c3bc0203
/primary_microphone/si_et_1/c3b/c3bc0204
/primary_microphone/si_et_1/c3b/c3bc0205
/primary_microphone/si_et_1/c3b/c3bc0206
/primary_microphone/si_et_1/c3b/c3bc0207
/primary_microphone/si_et_1/c3b/c3bc0208
/primary_microphone/si_et_1/c3b/c3bc0209
/primary_microphone/si_et_1/c3b/c3bc020a
/primary_microphone/si_et_1/c3b/c3bc020b
/primary_microphone/si_et_1/c3b/c3bc020c
/primary_microphone/si_et_1/c3b/c3bc020d
/primary_microphone/si_et_1/c3b/c3bc020e
/primary_microphone/si_et_1/c3b/c3bc020f
/primary_microphone/si_et_1/c3b/c3bc020g
/primary_microphone/si_et_1/c3b/c3bc020h
/primary_microphone/si_et_1/c3b/c3bc020i
/primary_microphone/si_et_1/c3b/c3bc020j
/primary_microphone/si_et_1/c3b/c3bc020k
/primary_microphone/si_et_1/c3b/c3bc020l
/primary_microphone/si_et_1/c3b/c3bc020m
/primary_microphone/si_et_1/c3b/c3bc020n
/primary_microphone/si_et_1/c3b/c3bc020o
/primary_microphone/si_et_1/c3b/c3bc020p
/primary_microphone/si_et_1/c3b/c3bc020q
/primary_microphone/si_et_1/c3b/c3bc020r
/primary_microphone/si_et_1/c3b/c3bc020s
/primary_microphone/si_et_1/c3b/c3bc020t
/primary_microphone/si_et_1/c3b/c3bc020u
/primary_microphone/si_et_1/c3b/c3bc020v
/primary_microphone/si_et_1/c3b/c3bc020w
/primary_microphone/si_et_1/c3b/c3bc020x
/primary_microphone/si_et_1/c3b/c3bc020y
/primary_microphone/si_et_1/c3b/c3bc020z
/primary_microphone/si_et_1/c3b/c3bc0210
/primary_microphone/si_et_1/c3b/c3bc0211
/primary_microphone/si_et_1/c3b/c3bc0212
/primary_microphone/si_et_1/c3h/c3hc0201
/primary_microphone/si_et_1/c3h/c3hc0202
/primary_microphone/si_et_1/c3h/c3hc0203
/primary_microphone/si_et_1/c3h/c3hc0204
/primary_microphone/si_et_1/c3h/c3hc0205
/primary_microphone/si_et_1/c3h/c3hc0206
/primary_microphone/si_et_1/c3h/c3hc0207
/primary_microphone/si_et_1/c3h/c3hc0208
/primary_microphone/si_et_1/c3h/c3hc0209
/primary_microphone/si_et_1/c3h/c3hc020a
/primary_microphone/si_et_1/c3h/c3hc020b
/primary_microphone/si_et_1/c3h/c3hc020c
/primary_microphone/si_et_1/c3h/c3hc020d
/primary_microphone/si_et_1/c3h/c3hc020e
/primary_microphone/si_et_1/c3h/c3hc020f
/primary_microphone/si_et_1/c3h/c3hc020g
/primary_microphone/si_et_1/c3h/c3hc020h
/primary_microphone/si_et_1/c3h/c3hc020i
/primary_microphone/si_et_1/c3h/c3hc020j
/primary_microphone/si_et_1/c3h/c3hc020k
/primary_microphone/si_et_1/c3h/c3hc020l
/primary_microphone/si_et_1/c3h/c3hc020m
/primary_microphone/si_et_1/c3h/c3hc020n
/primary_microphone/si_et_1/c3h/c3hc020o
/primary_microphone/si_et_1/c3h/c3hc020p
/primary_microphone/si_et_1/c3h/c3hc020q
/primary_microphone/si_et_1/c3h/c3hc020r
/primary_microphone/si_et_1/c3h/c3hc020s
/primary_microphone/si_et_1/c3h/c3hc020t
/primary_microphone/si_et_1/c3h/c3hc020u
/primary_microphone/si_et_1/c3h/c3hc020v
/primary_microphone/si_et_1/c3h/c3hc020w
/primary_microphone/si_et_1/c3h/c3hc020x
/primary_microphone/si_et_1/c3h/c3hc020y
/primary_microphone/si_et_1/c3h/c3hc020z
/primary_microphone/si_et_1/c3h/c3hc0210
/primary_microphone/si_et_1/c3h/c3hc0211
/primary_microphone/si_et_1/c3o/c3oc0201
/primary_microphone/si_et_1/c3o/c3oc0202
/primary_microphone/si_et_1/c3o/c3oc0203
/primary_microphone/si_et_1/c3o/c3oc0204
/primary_microphone/si_et_1/c3o/c3oc0205
/primary_microphone/si_et_1/c3o/c3oc0206
/primary_microphone/si_et_1/c3o/c3oc0207
/primary_microphone/si_et_1/c3o/c3oc0208
/primary_microphone/si_et_1/c3o/c3oc0209
/primary_microphone/si_et_1/c3o/c3oc020a
/primary_microphone/si_et_1/c3o/c3oc020b
/primary_microphone/si_et_1/c3o/c3oc020c
/primary_microphone/si_et_1/c3o/c3oc020d
/primary_microphone/si_et_1/c3o/c3oc020e
/primary_microphone/si_et_1/c3o/c3oc020f
/primary_microphone/si_et_1/c3o/c3oc020g
/primary_microphone/si_et_1/c3o/c3oc020h
/primary_microphone/si_et_1/c3o/c3oc020i
/primary_microphone/si_et_1/c3o/c3oc020j
/primary_microphone/si_et_1/c3o/c3oc020k
/primary_microphone/si_et_1/c3o/c3oc020l
/primary_microphone/si_et_1/c3o/c3oc020m
/primary_microphone/si_et_1/c3o/c3oc020n
/primary_microphone/si_et_1/c3o/c3oc020o
/primary_microphone/si_et_1/c3o/c3oc020p
/primary_microphone/si_et_1/c3o/c3oc020q
/primary_microphone/si_et_1/c3o/c3oc020r
/primary_microphone/si_et_1/c3o/c3oc020s
/primary_microphone/si_et_1/c3o/c3oc020t
/primary_microphone/si_et_1/c3o/c3oc020u
/primary_microphone/si_et_1/c3o/c3oc020v
/primary_microphone/si_et_1/c3o/c3oc020w
/primary_microphone/si_et_1/c3o/c3oc020x
/primary_microphone/si_et_1/c3o/c3oc020y
/primary_microphone/si_et_1/c3o/c3oc020z
/primary_microphone/si_et_1/c3o/c3oc0210
/primary_microphone/si_et_1/c3o/c3oc0212
/primary_microphone/si_et_1/c3q/c3qc0201
/primary_microphone/si_et_1/c3q/c3qc0202
/primary_microphone/si_et_1/c3q/c3qc0203
/primary_microphone/si_et_1/c3q/c3qc0204
/primary_microphone/si_et_1/c3q/c3qc0205
/primary_microphone/si_et_1/c3q/c3qc0206
/primary_microphone/si_et_1/c3q/c3qc0207
/primary_microphone/si_et_1/c3q/c3qc0208
/primary_microphone/si_et_1/c3q/c3qc0209
/primary_microphone/si_et_1/c3q/c3qc020a
/primary_microphone/si_et_1/c3q/c3qc020b
/primary_microphone/si_et_1/c3q/c3qc020c
/primary_microphone/si_et_1/c3q/c3qc020d
/primary_microphone/si_et_1/c3q/c3qc020e
/primary_microphone/si_et_1/c3q/c3qc020f
/primary_microphone/si_et_1/c3q/c3qc020g
/primary_microphone/si_et_1/c3q/c3qc020h
/primary_microphone/si_et_1/c3q/c3qc020i
/primary_microphone/si_et_1/c3q/c3qc020j
/primary_microphone/si_et_1/c3q/c3qc020k
/primary_microphone/si_et_1/c3q/c3qc020l
/primary_microphone/si_et_1/c3q/c3qc020m
/primary_microphone/si_et_1/c3q/c3qc020n
/primary_microphone/si_et_1/c3q/c3qc020o
/primary_microphone/si_et_1/c3q/c3qc020p
/primary_microphone/si_et_1/c3q/c3qc020q
/primary_microphone/si_et_1/c3q/c3qc020r
/primary_microphone/si_et_1/c3q/c3qc020s
/primary_microphone/si_et_1/c3q/c3qc020t
/primary_microphone/si_et_1/c3q/c3qc020u
/primary_microphone/si_et_1/c3q/c3qc020v
/primary_microphone/si_et_1/c3q/c3qc020w
/primary_microphone/si_et_1/c3q/c3qc020x
/primary_microphone/si_et_1/c3q/c3qc020y
/primary_microphone/si_et_1/c3q/c3qc020z
/primary_microphone/si_et_1/c3q/c3qc0210
/primary_microphone/si_et_1/c3q/c3qc0211
/primary_microphone/si_et_1/c3q/c3qc0212
/primary_microphone/si_et_1/c3r/c3rc0201
/primary_microphone/si_et_1/c3r/c3rc0202
/primary_microphone/si_et_1/c3r/c3rc0203
/primary_microphone/si_et_1/c3r/c3rc0204
/primary_microphone/si_et_1/c3r/c3rc0205
/primary_microphone/si_et_1/c3r/c3rc0206
/primary_microphone/si_et_1/c3r/c3rc0207
/primary_microphone/si_et_1/c3r/c3rc0208
/primary_microphone/si_et_1/c3r/c3rc0209
/primary_microphone/si_et_1/c3r/c3rc020a
/primary_microphone/si_et_1/c3r/c3rc020b
/primary_microphone/si_et_1/c3r/c3rc020c
/primary_microphone/si_et_1/c3r/c3rc020d
/primary_microphone/si_et_1/c3r/c3rc020e
/primary_microphone/si_et_1/c3r/c3rc020f
/primary_microphone/si_et_1/c3r/c3rc020g
/primary_microphone/si_et_1/c3r/c3rc020h
/primary_microphone/si_et_1/c3r/c3rc020i
/primary_microphone/si_et_1/c3r/c3rc020j
/primary_microphone/si_et_1/c3r/c3rc020k
/primary_microphone/si_et_1/c3r/c3rc020l
/primary_microphone/si_et_1/c3r/c3rc020m
/primary_microphone/si_et_1/c3r/c3rc020n
/primary_microphone/si_et_1/c3r/c3rc020o
/primary_microphone/si_et_1/c3r/c3rc020p
/primary_microphone/si_et_1/c3r/c3rc020q
/primary_microphone/si_et_1/c3r/c3rc020r
/primary_microphone/si_et_1/c3r/c3rc020s
/primary_microphone/si_et_1/c3r/c3rc020t
/primary_microphone/si_et_1/c3r/c3rc020u
/primary_microphone/si_et_1/c3r/c3rc020v
/primary_microphone/si_et_1/c3r/c3rc020w
/primary_microphone/si_et_1/c3y/c3yc0201
/primary_microphone/si_et_1/c3y/c3yc0202
/primary_microphone/si_et_1/c3y/c3yc0203
/primary_microphone/si_et_1/c3y/c3yc0204
/primary_microphone/si_et_1/c3y/c3yc0205
/primary_microphone/si_et_1/c3y/c3yc0206
/primary_microphone/si_et_1/c3y/c3yc0207
/primary_microphone/si_et_1/c3y/c3yc0208
/primary_microphone/si_et_1/c3y/c3yc0209
/primary_microphone/si_et_1/c3y/c3yc020a
/primary_microphone/si_et_1/c3y/c3yc020b
/primary_microphone/si_et_1/c3y/c3yc020c
/primary_microphone/si_et_1/c3y/c3yc020d
/primary_microphone/si_et_1/c3y/c3yc020e
/primary_microphone/si_et_1/c3y/c3yc020f
/primary_microphone/si_et_1/c3y/c3yc020g
/primary_microphone/si_et_1/c3y/c3yc020h
/primary_microphone/si_et_1/c3y/c3yc020i
/primary_microphone/si_et_1/c3y/c3yc020j
/primary_microphone/si_et_1/c3y/c3yc020k
/primary_microphone/si_et_1/c3y/c3yc020l
/primary_microphone/si_et_1/c3y/c3yc020m
/primary_microphone/si_et_1/c3y/c3yc020n
/primary_microphone/si_et_1/c3y/c3yc020o
/primary_microphone/si_et_1/c3y/c3yc020p
/primary_microphone/si_et_1/c3y/c3yc020q
/primary_microphone/si_et_1/c3y/c3yc020r
/primary_microphone/si_et_1/c3y/c3yc020s
/primary_microphone/si_et_1/c3y/c3yc020t
/primary_microphone/si_et_1/c3y/c3yc020u
/primary_microphone/si_et_1/c3y/c3yc020v
/primary_microphone/si_et_1/c3y/c3yc020w
/primary_microphone/si_et_1/c3y/c3yc020x
/primary_microphone/si_et_1/c3y/c3yc020y
/primary_microphone/si_et_1/c3y/c3yc020z
/primary_microphone/si_et_1/c3y/c3yc0210
/primary_microphone/si_et_1/c3y/c3yc0211
/primary_microphone/si_et_1/c3y/c3yc0212
/primary_microphone/si_et_1/c3y/c3yc0213
/primary_microphone/si_et_1/c3y/c3yc0214
/primary_microphone/si_et_1/c46/c46c0201
/primary_microphone/si_et_1/c46/c46c0202
/primary_microphone/si_et_1/c46/c46c0203
/primary_microphone/si_et_1/c46/c46c0204
/primary_microphone/si_et_1/c46/c46c0205
/primary_microphone/si_et_1/c46/c46c0206
/primary_microphone/si_et_1/c46/c46c0207
/primary_microphone/si_et_1/c46/c46c0208
/primary_microphone/si_et_1/c46/c46c0209
/primary_microphone/si_et_1/c46/c46c020a
/primary_microphone/si_et_1/c46/c46c020b
/primary_microphone/si_et_1/c46/c46c020c
/primary_microphone/si_et_1/c46/c46c020d
/primary_microphone/si_et_1/c46/c46c020e
/primary_microphone/si_et_1/c46/c46c020f
/primary_microphone/si_et_1/c46/c46c020g
/primary_microphone/si_et_1/c46/c46c020h
/primary_microphone/si_et_1/c46/c46c020i
/primary_microphone/si_et_1/c46/c46c020j
/primary_microphone/si_et_1/c46/c46c020k
/primary_microphone/si_et_1/c46/c46c020l
/primary_microphone/si_et_1/c46/c46c020m
/primary_microphone/si_et_1/c46/c46c020n
/primary_microphone/si_et_1/c46/c46c020o
/primary_microphone/si_et_1/c46/c46c020p
/primary_microphone/si_et_1/c46/c46c020q
/primary_microphone/si_et_1/c46/c46c020r
/primary_microphone/si_et_1/c46/c46c020s
/primary_microphone/si_et_1/c46/c46c020t
/primary_microphone/si_et_1/c46/c46c020u
/primary_microphone/si_et_1/c46/c46c020v
/primary_microphone/si_et_1/c46/c46c020w
/primary_microphone/si_et_1/c46/c46c020x
/primary_microphone/si_et_1/c46/c46c020y
/primary_microphone/si_et_1/c46/c46c020z
/primary_microphone/si_et_1/c46/c46c0210
/primary_microphone/si_et_1/c46/c46c0211
/primary_microphone/si_et_1/c46/c46c0212
/primary_microphone/si_et_1/c46/c46c0213
/primary_microphone/si_et_1/c46/c46c0214
/primary_microphone/si_et_1/c48/c48c0201
/primary_microphone/si_et_1/c48/c48c0202
/primary_microphone/si_et_1/c48/c48c0203
/primary_microphone/si_et_1/c48/c48c0204
/primary_microphone/si_et_1/c48/c48c0205
/primary_microphone/si_et_1/c48/c48c0206
/primary_microphone/si_et_1/c48/c48c0207
/primary_microphone/si_et_1/c48/c48c0208
/primary_microphone/si_et_1/c48/c48c0209
/primary_microphone/si_et_1/c48/c48c020a
/primary_microphone/si_et_1/c48/c48c020b
/primary_microphone/si_et_1/c48/c48c020c
/primary_microphone/si_et_1/c48/c48c020d
/primary_microphone/si_et_1/c48/c48c020e
/primary_microphone/si_et_1/c48/c48c020f
/primary_microphone/si_et_1/c48/c48c020g
/primary_microphone/si_et_1/c48/c48c020h
/primary_microphone/si_et_1/c48/c48c020i
/primary_microphone/si_et_1/c48/c48c020j
/primary_microphone/si_et_1/c48/c48c020k
/primary_microphone/si_et_1/c48/c48c020l
/primary_microphone/si_et_1/c48/c48c020m
/primary_microphone/si_et_1/c48/c48c020n
/primary_microphone/si_et_1/c48/c48c020o
/primary_microphone/si_et_1/c48/c48c020p
/primary_microphone/si_et_1/c48/c48c020q
/primary_microphone/si_et_1/c48/c48c020r
/primary_microphone/si_et_1/c48/c48c020s
/primary_microphone/si_et_1/c48/c48c020t
/primary_microphone/si_et_1/c48/c48c020u
/primary_microphone/si_et_1/c48/c48c020v
/primary_microphone/si_et_1/c48/c48c020w
/primary_microphone/si_et_1/c48/c48c020x
/primary_microphone/si_et_1/c48/c48c020y
/primary_microphone/si_et_1/c48/c48c020z
/primary_microphone/si_et_1/c48/c48c0210
/primary_microphone/si_et_1/c48/c48c0211
/primary_microphone/si_et_1/c48/c48c0212
/primary_microphone/si_et_1/c48/c48c0213
/primary_microphone/si_et_1/c4a/c4ac0201
/primary_microphone/si_et_1/c4a/c4ac0202
/primary_microphone/si_et_1/c4a/c4ac0203
/primary_microphone/si_et_1/c4a/c4ac0204
/primary_microphone/si_et_1/c4a/c4ac0205
/primary_microphone/si_et_1/c4a/c4ac0206
/primary_microphone/si_et_1/c4a/c4ac0207
/primary_microphone/si_et_1/c4a/c4ac0208
/primary_microphone/si_et_1/c4a/c4ac0209
/primary_microphone/si_et_1/c4a/c4ac020a
/primary_microphone/si_et_1/c4a/c4ac020b
/primary_microphone/si_et_1/c4a/c4ac020c
/primary_microphone/si_et_1/c4a/c4ac020d
/primary_microphone/si_et_1/c4a/c4ac020e
/primary_microphone/si_et_1/c4a/c4ac020f
/primary_microphone/si_et_1/c4a/c4ac020g
/primary_microphone/si_et_1/c4a/c4ac020h
/primary_microphone/si_et_1/c4a/c4ac020i
/primary_microphone/si_et_1/c4a/c4ac020j
/primary_microphone/si_et_1/c4a/c4ac020k
/primary_microphone/si_et_1/c4a/c4ac020l
/primary_microphone/si_et_1/c4a/c4ac020m
/primary_microphone/si_et_1/c4a/c4ac020n
/primary_microphone/si_et_1/c4a/c4ac020o
/primary_microphone/si_et_1/c4a/c4ac020p
/primary_microphone/si_et_1/c4a/c4ac020q
/primary_microphone/si_et_1/c4a/c4ac020r
/primary_microphone/si_et_1/c4a/c4ac020s
/primary_microphone/si_et_1/c4a/c4ac020t
/primary_microphone/si_et_1/c4a/c4ac020u
/primary_microphone/si_et_1/c4a/c4ac020v
/primary_microphone/si_et_1/c4a/c4ac020w
/primary_microphone/si_et_1/c4a/c4ac020x
/primary_microphone/si_et_1/c4a/c4ac020y
/primary_microphone/si_et_1/c4a/c4ac020z
/primary_microphone/si_et_1/c4a/c4ac0210
/primary_microphone/si_et_1/c4a/c4ac0211
/primary_microphone/si_et_1/c4a/c4ac0212
/primary_microphone/si_et_1/c4a/c4ac0213
